// Jest Snapshot v1, https://goo.gl/fbAQLP

exports[`Icon render successful 1`] = `
<svg
  className="drug-icon"
>
  <use
    xlinkHref="#left"
  />
</svg>
`;
