// Jest Snapshot v1, https://goo.gl/fbAQLP

exports[`<Dialog /> render successful 1`] = `
<Wrapper>
  <ThemeProvider>
    <JssProvider
      generateId={[Function]}
    >
      <ThemeProvider
        theme={
          Object {
            "palette": Object {
              "primary": Object {
                "contrastText": "#fff",
                "main": "#1976d2",
              },
              "secondary": Object {
                "contrastText": "#fff",
                "main": "#dc004e",
              },
            },
            "typography": Object {
              "fontSize": Object {
                "large": 15,
                "medium": 14,
                "small": 13,
              },
            },
          }
        }
      >
        <Dialog
          closable={true}
          keepMounted={false}
          mask={true}
          maskClosable={true}
          title="title"
          top="15vh"
          transitionDuration={300}
          visible={true}
          width="50%"
          zIndex={1000}
        >
          <Portal>
            <Portal
              containerInfo={
                <body
                  style="overflow: hidden;"
                >
                  <div
                    class="DuiDialog-root"
                    style="z-index: 1000; visibility: visible;"
                  >
                    <div>
                      <div
                        class="DuiDialog-mask"
                        style="transition: opacity 300ms; opacity: 1; transition-duration: 300ms;"
                      />
                      <div
                        class="DuiDialog-container"
                      >
                        <div
                          class="DuiDialog-paper"
                          style="width: 50%; margin-top: 15vh; transition: transform 300ms, opacity 300ms; opacity: 1; transform: translate3d(0, 0, 0); transition-duration: 300ms;"
                        >
                          <div
                            class="DuiDialog-close"
                          >
                            <button
                              class="DuiButtonBase-root DuiIconButton-root DuiIconButton-sizeSmall"
                            >
                              <span
                                class="DuiRipple-root"
                              />
                            </button>
                          </div>
                          <div
                            class="DuiDialog-header"
                          >
                            <h2>
                              title
                            </h2>
                          </div>
                          <div
                            class="DuiDialog-body"
                          >
                            Dialog
                          </div>
                        </div>
                      </div>
                    </div>
                  </div>
                  <div
                    class="DuiDialog-root"
                    style="z-index: 1000; visibility: visible;"
                  >
                    <div>
                      <div
                        class="DuiDialog-mask"
                        style="transition: opacity 300ms; opacity: 1; transition-duration: 300ms;"
                      />
                      <div
                        class="DuiDialog-container"
                      >
                        <div
                          class="DuiDialog-paper"
                          style="width: 50%; margin-top: 15vh; transition: transform 300ms, opacity 300ms; opacity: 1; transform: translate3d(0, 0, 0); transition-duration: 300ms;"
                        >
                          <div
                            class="DuiDialog-close"
                          >
                            <button
                              class="DuiButtonBase-root DuiIconButton-root DuiIconButton-sizeSmall"
                            >
                              <span
                                class="DuiRipple-root"
                              />
                            </button>
                          </div>
                          <div
                            class="DuiDialog-header"
                          >
                            <h2>
                              title
                            </h2>
                          </div>
                          <div
                            class="DuiDialog-body"
                          />
                        </div>
                      </div>
                    </div>
                  </div>
                </body>
              }
            >
              <div
                className="DuiDialog-root"
                style={
                  Object {
                    "visibility": "visible",
                    "zIndex": 1000,
                  }
                }
              >
                <Transition
                  appear={true}
                  enter={true}
                  exit={true}
                  in={true}
                  mountOnEnter={false}
                  onEnter={[Function]}
                  onEntered={[Function]}
                  onEntering={[Function]}
                  onExit={[Function]}
                  onExited={[Function]}
                  onExiting={[Function]}
                  timeout={300}
                  unmountOnExit={false}
                >
                  <div>
                    <div
                      className="DuiDialog-mask"
                      style={
                        Object {
                          "opacity": 1,
                          "transition": "opacity 300ms",
                        }
                      }
                    />
                    <div
                      className="DuiDialog-container"
                      onClick={[Function]}
                    >
                      <div
                        className="DuiDialog-paper"
                        onClick={[Function]}
                        style={
                          Object {
                            "marginTop": "15vh",
                            "opacity": 1,
                            "transform": "translate3d(0, 0, 0)",
                            "transition": "transform 300ms, opacity 300ms",
                            "width": "50%",
                          }
                        }
                      >
                        <div
                          className="DuiDialog-close"
                          onClick={[Function]}
                        >
                          <IconButton
                            centerRipple={true}
                            color="default"
                            size="small"
                          >
                            <ButtonBase
                              centerRipple={true}
                              className="DuiIconButton-root DuiIconButton-sizeSmall"
                              component="button"
                              disableRipple={false}
                              disabled={false}
                            >
                              <button
                                className="DuiButtonBase-root DuiIconButton-root DuiIconButton-sizeSmall"
                                disabled={false}
                              >
                                <Ripple
                                  center={true}
                                >
                                  <span
                                    className="DuiRipple-root"
                                    onDragLeave={[Function]}
                                    onMouseDown={[Function]}
                                    onMouseLeave={[Function]}
                                    onMouseUp={[Function]}
                                  />
                                </Ripple>
                              </button>
                            </ButtonBase>
                          </IconButton>
                        </div>
                        <div
                          className="DuiDialog-header"
                        >
                          <h2>
                            title
                          </h2>
                        </div>
                        <div
                          className="DuiDialog-body"
                        >
                          <Dialog
                            closable={true}
                            keepMounted={false}
                            mask={true}
                            maskClosable={true}
                            title="title"
                            top="15vh"
                            transitionDuration={300}
                            visible={true}
                            width="50%"
                            zIndex={1000}
                          >
                            <Portal>
                              <Portal
                                containerInfo={
                                  <body
                                    style="overflow: hidden;"
                                  >
                                    <div
                                      class="DuiDialog-root"
                                      style="z-index: 1000; visibility: visible;"
                                    >
                                      <div>
                                        <div
                                          class="DuiDialog-mask"
                                          style="transition: opacity 300ms; opacity: 1; transition-duration: 300ms;"
                                        />
                                        <div
                                          class="DuiDialog-container"
                                        >
                                          <div
                                            class="DuiDialog-paper"
                                            style="width: 50%; margin-top: 15vh; transition: transform 300ms, opacity 300ms; opacity: 1; transform: translate3d(0, 0, 0); transition-duration: 300ms;"
                                          >
                                            <div
                                              class="DuiDialog-close"
                                            >
                                              <button
                                                class="DuiButtonBase-root DuiIconButton-root DuiIconButton-sizeSmall"
                                              >
                                                <span
                                                  class="DuiRipple-root"
                                                />
                                              </button>
                                            </div>
                                            <div
                                              class="DuiDialog-header"
                                            >
                                              <h2>
                                                title
                                              </h2>
                                            </div>
                                            <div
                                              class="DuiDialog-body"
                                            >
                                              Dialog
                                            </div>
                                          </div>
                                        </div>
                                      </div>
                                    </div>
                                    <div
                                      class="DuiDialog-root"
                                      style="z-index: 1000; visibility: visible;"
                                    >
                                      <div>
                                        <div
                                          class="DuiDialog-mask"
                                          style="transition: opacity 300ms; opacity: 1; transition-duration: 300ms;"
                                        />
                                        <div
                                          class="DuiDialog-container"
                                        >
                                          <div
                                            class="DuiDialog-paper"
                                            style="width: 50%; margin-top: 15vh; transition: transform 300ms, opacity 300ms; opacity: 1; transform: translate3d(0, 0, 0); transition-duration: 300ms;"
                                          >
                                            <div
                                              class="DuiDialog-close"
                                            >
                                              <button
                                                class="DuiButtonBase-root DuiIconButton-root DuiIconButton-sizeSmall"
                                              >
                                                <span
                                                  class="DuiRipple-root"
                                                />
                                              </button>
                                            </div>
                                            <div
                                              class="DuiDialog-header"
                                            >
                                              <h2>
                                                title
                                              </h2>
                                            </div>
                                            <div
                                              class="DuiDialog-body"
                                            />
                                          </div>
                                        </div>
                                      </div>
                                    </div>
                                  </body>
                                }
                              >
                                <div
                                  className="DuiDialog-root"
                                  style={
                                    Object {
                                      "visibility": "visible",
                                      "zIndex": 1000,
                                    }
                                  }
                                >
                                  <Transition
                                    appear={true}
                                    enter={true}
                                    exit={true}
                                    in={true}
                                    mountOnEnter={false}
                                    onEnter={[Function]}
                                    onEntered={[Function]}
                                    onEntering={[Function]}
                                    onExit={[Function]}
                                    onExited={[Function]}
                                    onExiting={[Function]}
                                    timeout={300}
                                    unmountOnExit={false}
                                  >
                                    <div>
                                      <div
                                        className="DuiDialog-mask"
                                        style={
                                          Object {
                                            "opacity": 1,
                                            "transition": "opacity 300ms",
                                          }
                                        }
                                      />
                                      <div
                                        className="DuiDialog-container"
                                        onClick={[Function]}
                                      >
                                        <div
                                          className="DuiDialog-paper"
                                          onClick={[Function]}
                                          style={
                                            Object {
                                              "marginTop": "15vh",
                                              "opacity": 1,
                                              "transform": "translate3d(0, 0, 0)",
                                              "transition": "transform 300ms, opacity 300ms",
                                              "width": "50%",
                                            }
                                          }
                                        >
                                          <div
                                            className="DuiDialog-close"
                                            onClick={[Function]}
                                          >
                                            <IconButton
                                              centerRipple={true}
                                              color="default"
                                              size="small"
                                            >
                                              <ButtonBase
                                                centerRipple={true}
                                                className="DuiIconButton-root DuiIconButton-sizeSmall"
                                                component="button"
                                                disableRipple={false}
                                                disabled={false}
                                              >
                                                <button
                                                  className="DuiButtonBase-root DuiIconButton-root DuiIconButton-sizeSmall"
                                                  disabled={false}
                                                >
                                                  <Ripple
                                                    center={true}
                                                  >
                                                    <span
                                                      className="DuiRipple-root"
                                                      onDragLeave={[Function]}
                                                      onMouseDown={[Function]}
                                                      onMouseLeave={[Function]}
                                                      onMouseUp={[Function]}
                                                    />
                                                  </Ripple>
                                                </button>
                                              </ButtonBase>
                                            </IconButton>
                                          </div>
                                          <div
                                            className="DuiDialog-header"
                                          >
                                            <h2>
                                              title
                                            </h2>
                                          </div>
                                          <div
                                            className="DuiDialog-body"
                                          >
                                            Dialog
                                          </div>
                                        </div>
                                      </div>
                                    </div>
                                  </Transition>
                                </div>
                              </Portal>
                            </Portal>
                          </Dialog>
                        </div>
                      </div>
                    </div>
                  </div>
                </Transition>
              </div>
            </Portal>
          </Portal>
        </Dialog>
      </ThemeProvider>
    </JssProvider>
  </ThemeProvider>
</Wrapper>
`;
