// Jest Snapshot v1, https://goo.gl/fbAQLP

exports[`button 是个 div 1`] = `
<div>
  Button
</div>
`;
