// Jest Snapshot v1, https://goo.gl/fbAQLP

exports[`<Zoom /> render successful 1`] = `
<div
  style={
    Object {
      "visibility": "hidden",
    }
  }
/>
`;
