// Jest Snapshot v1, https://goo.gl/fbAQLP

exports[`<SvgIcon /> render successful 1`] = `
<svg
  className="DuiSvgIcon-root"
  viewBox="0 0 1024 1024"
/>
`;
